---
source: src/tests/acceptance_stats_session_mismatch.rs
expression: output
---
┌Conversations─────────────────────────────────────────────────────────────────────────────────────┐
│ Main │ toolu_beta_sub                                                                            │
└──────────────────────────────────────────────────────────────────────────────────────────────────┘
┌Main [Opus] (3 entries)───────────────────────────────────────────────────────────────────────────┐
│                                                                                                  │
││  2 Beta session - Main agent response 1                                                         │
│── 5.0k in / 500 out / $0.11 | Context: 5.0k (2%) ──                                              │
││  3 Beta session - Main agent response 2                                                         │
│── 6.0k in / 600 out / $0.14 | Context: 11.0k (5%) ──                                             │
│                                                                                                  │
│                                                                                                  │
│                                                                                                  │
│                                                                                                  │
│                                                                                                  │
│                                                                                                  │
│                                                                                                  │
│                                                                                                  │
│                                                                                                  │
└──────────────────────────────────────────────────────────────────────────────────────────────────┘
┌ Statistics ──────────────────────────────────────────────────────────────────────────────────────┐
│Tokens:                                                                                           │
│  Input:  2,700                                                                                   │
│  Output: 270                                                                                     │
│  Total:  2,970                                                                                   │
│                                                                                                  │
│Estimated Cost:                                                                                   │
│  $0.06                                                                                           │
│                                                                                                  │
└──────────────────────────────────────────────────────────────────────────────────────────────────┘
[LIVE] Wrap: On | q: Quit | ?: Help | /: Search | s: Stats | Tab: Cycle panes
