---
source: src/tests/view_snapshots.rs
expression: output
---
┌Main (2 entries)──────────────────────────────────────────────────────────────┐
││  1 First message                                                            │
│                                                                              │
││  2 Second message                                                           │
│                                                                              │
│                                                                              │
│                                                                              │
│                                                                              │
│                                                                              │
│                                                                              │
│                                                                              │
│                                                                              │
│                                                                              │
│                                                                              │
└──────────────────────────────────────────────────────────────────────────────┘
