---
source: src/tests/view_snapshots.rs
expression: output
---
┌Conversations───────────────────────────────────┐
│ Main │ agent-1 │ agent-2                       │
│                                                │
│                                                │
└────────────────────────────────────────────────┘
