---
source: tests/view_snapshots.rs
expression: output
---
┌Main Agent (1 entries)──────────────────────────────────────────────┐
│   1│Here's some code:                                              │
│   1│                                                               │
│   1│fn main() {                                                    │
│   1│    println!("Hello, world!");                                 │
│   1│}                                                              │
│   1│                                                               │
│   1│That's the code.                                               │
│                                                                    │
│                                                                    │
│                                                                    │
│                                                                    │
│                                                                    │
│                                                                    │
│                                                                    │
│                                                                    │
│                                                                    │
│                                                                    │
│                                                                    │
│                                                                    │
│                                                                    │
│                                                                    │
│                                                                    │
│                                                                    │
└────────────────────────────────────────────────────────────────────┘
