---
source: tests/view_snapshots.rs
expression: output
---
┌Main Agent (1 entries)────────────────────────────────────────────────────────┐
│   1│Let me analyze this problem step by step:                                │
│   1│1. First, I need to understand the requirements                          │
│   1│2. Then identify the key components                                      │
│   1│3. Finally, propose a solution                                           │
│   1│Based on my analysis, here's what I recommend...                         │
│                                                                              │
│                                                                              │
│                                                                              │
│                                                                              │
│                                                                              │
│                                                                              │
│                                                                              │
│                                                                              │
│                                                                              │
│                                                                              │
│                                                                              │
│                                                                              │
│                                                                              │
└──────────────────────────────────────────────────────────────────────────────┘
