---
source: tests/view_snapshots.rs
expression: output_after
---
Model: Unknown | Subagent toolu_013heDTEdCz8mvrxEGezZteB | ? | 0 tools, 0 agents, 0 skills
┌Conversations─────────────────────────────────────────────────────────────────────────────────────────────────────────────────────────────────────────────────────────────────────────────────────────┐
│ Main Agent │ toolu_013heDTEdCz8mvrxEGezZteB │ toolu_014WRyZPPnVxekx3ACaBtEz8 │ toolu_01UcpbyRyV4mTttzBQZ2tjiX                                                                                        │
└──────────────────────────────────────────────────────────────────────────────────────────────────────────────────────────────────────────────────────────────────────────────────────────────────────┘
┌Subagent toolu_013heDTEdCz8mvrxEGezZteB [Haiku] (79 entries)──────────────────────────────────────────────────────────────────────────────────────────────────────────────────────────────────────────┐
││   1 #                                                                                                                                                                                               │
││                                                                                                                                                                                                     │
││     #                                                                                                                                                                                               │
││                                                                                                                                                                                                     │
││     R                                                                                                                                                                                               │
││     e                                                                                                                                                                                               │
││     v                                                                                                                                                                                               │
││     i                                                                                                                                                                                               │
││     e                                                                                                                                                                                               │
││     w                                                                                                                                                                                               │
││                                                                                                                                                                                                     │
││     T                                                                                                                                                                                               │
││     a                                                                                                                                                                                               │
││     s                                                                                                                                                                                               │
││     k                                                                                                                                                                                               │
││     R                                                                                                                                                                                               │
││     e                                                                                                                                                                                               │
││     v                                                                                                                                                                                               │
││     i                                                                                                                                                                                               │
││     e                                                                                                                                                                                               │
││     w                                                                                                                                                                                               │
││                                                                                                                                                                                                     │
││     i                                                                                                                                                                                               │
││     m                                                                                                                                                                                               │
││     p                                                                                                                                                                                               │
││     l                                                                                                                                                                                               │
││     e                                                                                                                                                                                               │
││     m                                                                                                                                                                                               │
││     e                                                                                                                                                                                               │
││     n                                                                                                                                                                                               │
││     t                                                                                                                                                                                               │
││     a                                                                                                                                                                                               │
││     t                                                                                                                                                                                               │
└──────────────────────────────────────────────────────────────────────────────────────────────────────────────────────────────────────────────────────────────────────────────────────────────────────┘
[LIVE] Wrap: On | q: Quit | ?: Help | /: Search | s: Stats | Tab: Cycle panes
